Microchip MPLAB XC8 Compiler V2.00 ()

Linker command line:

-W-3 --edf=C:\Program Files (x86)\Microchip\xc8\v2.00\pic\dat\en_msgs.txt \
  -cs -h+dist/default/production\ReceiverBoxV2.X.production.sym \
  --cmf=dist/default/production\ReceiverBoxV2.X.production.cmf -z -Q16F688 \
  -oC:\Users\Bendixen\AppData\Local\Temp\s2sc.2 --defsym=__MPLAB_BUILD=1 \
  -Mdist/default/production/ReceiverBoxV2.X.production.map -E1 -ver=XC8 \
  --acfsm=1493 -ASTACK=0120h-016fh -pstack=STACK -ACODE=00h-07FFhx2 \
  -ASTRCODE=00h-0FFFh -ASTRING=00h-0FFhx16 -ACONST=00h-0FFhx16 \
  -AENTRY=00h-0FFhx16 -ACOMMON=070h-07Fh -ABANK0=020h-06Fh \
  -ABANK1=0A0h-0EFh -ABANK2=0120h-016Fh \
  -ARAM=020h-06Fh,0A0h-0EFh,0120h-016Fh \
  -AABS1=020h-07Fh,0A0h-0EFh,0120h-016Fh -ASFR0=00h-01Fh -ASFR1=080h-09Fh \
  -ASFR2=0100h-011Fh -ASFR3=0180h-01EFh \
  -preset_vec=00h,intentry=04h,init,end_init -ppowerup=CODE -pcinit=CODE \
  -pfunctab=ENTRY -ACONFIG=02007h-02007h -pconfig=CONFIG -DCONFIG=2 \
  -AIDLOC=02000h-02003h -pidloc=IDLOC -DIDLOC=2 -AEEDATA=00h-0FFh/02100h \
  -peeprom_data=EEDATA -DEEDATA=2 -DCODE=2 -DSTRCODE=2 -DSTRING=2 -DCONST=2 \
  -DENTRY=2 -k C:\Users\Bendixen\AppData\Local\Temp\s2sc.o \
  dist/default/production\ReceiverBoxV2.X.production.o 

Object code version is 3.11

Machine type is 16F688



                Name                               Link     Load   Length Selector   Space Scale
C:\Users\Bendixen\AppData\Local\Temp\s2sc.o
                end_init                              D        D        2        8       0
                reset_vec                             0        0        2        0       0
                config                             2007     2007        1     400E       0
dist/default/production\ReceiverBoxV2.X.production.o
                cinit                                 F        F       11        8       0
                intentry                              4        4        9        8       0
                text22                              F8A      F8A        9     1F14       0
                text21                              FCA      FCA       1A     1F94       0
                swtext3                             818      818        C     1000       0
                text20                              392      392       96        8       0
                text19                              4BC      4BC       8B        8       0
                text18                              428      428       94        8       0
                text17                              769      769       37        8       0
                text16                              F7C      F7C        6     1EF8       0
                text15                              7A0      7A0       2B        8       0
                text14                              6A2      6A2       56        8       0
                swtext2                             80C      80C        C     1000       0
                text13                              547      547       80        8       0
                text12                              217      217      17B        8       0
                swtext1                             800      800        C     1000       0
                text11                              731      731       38        8       0
                text10                              FE4      FE4       1C     1FC8       0
                text9                               6F8      6F8       39        8       0
                text8                               5C7      5C7       75        8       0
                text7                                20       20      1F7        8       0
                text6                               FB6      FB6       14     1F6C       0
                text5                               7F0      7F0        D        8       0
                text4                               7CB      7CB       25        8       0
                text3                               F9E      F9E        C     1F3C       0
                text2                               FAA      FAA        C     1F54       0
                text1                               F93      F93        B     1F26       0
                maintext                            63C      63C       66        8       0
                cstackBANK0                          20       20       38       20       1
                cstackCOMMON                         70       70        D       70       1
                clrtext                             F82      F82        8     1F04       0
                bssBANK1                             A0       A0       4E       A0       1
                bssBANK0                             58       58       17       20       1
                bssCOMMON                            7D       7D        1       70       1

TOTAL           Name                               Link     Load   Length     Space
        CLASS   STACK          

        CLASS   CODE           
                end_init                              D        D        2         0
                cinit                                 F        F       11         0
                intentry                              4        4        9         0
                reset_vec                             0        0        2         0
                text22                              F8A      F8A        9         0
                text21                              FCA      FCA       1A         0
                text20                              392      392       96         0
                text19                              4BC      4BC       8B         0
                text18                              428      428       94         0
                text17                              769      769       37         0
                text16                              F7C      F7C        6         0
                text15                              7A0      7A0       2B         0
                text14                              6A2      6A2       56         0
                text13                              547      547       80         0
                text12                              217      217      17B         0
                text11                              731      731       38         0
                text10                              FE4      FE4       1C         0
                text9                               6F8      6F8       39         0
                text8                               5C7      5C7       75         0
                text7                                20       20      1F7         0
                text6                               FB6      FB6       14         0
                text5                               7F0      7F0        D         0
                text4                               7CB      7CB       25         0
                text3                               F9E      F9E        C         0
                text2                               FAA      FAA        C         0
                text1                               F93      F93        B         0
                maintext                            63C      63C       66         0
                clrtext                             F82      F82        8         0

        CLASS   STRCODE        

        CLASS   STRING         

        CLASS   CONST          
                swtext3                             818      818        C         0
                swtext2                             80C      80C        C         0
                swtext1                             800      800        C         0

        CLASS   ENTRY          

        CLASS   COMMON         
                cstackCOMMON                         70       70        D         1
                bssCOMMON                            7D       7D        1         1

        CLASS   BANK0          
                cstackBANK0                          20       20       38         1
                bssBANK0                             58       58       17         1

        CLASS   BANK1          
                bssBANK1                             A0       A0       4E         1

        CLASS   BANK2          

        CLASS   RAM            

        CLASS   ABS1           
                abs_s1                               7E       7E        2         1

        CLASS   SFR0           

        CLASS   SFR1           

        CLASS   SFR2           

        CLASS   SFR3           

        CLASS   CONFIG         
                config                             2007     2007        1         0

        CLASS   IDLOC          

        CLASS   EEDATA         

        CLASS   BANK3          



SEGMENTS        Name                           Load    Length   Top    Selector   Space  Class     Delta

                reset_vec                      000000  000002  000002         0       0  CODE        2
                intentry                       000004  0007F9  0007FD         8       0  CODE        2
                cstackBANK0                    000020  00004F  00006F        20       1  BANK0       1
                cstackCOMMON                   000070  00000E  00007E        70       1  COMMON      1
                bssBANK1                       0000A0  00004E  0000EE        A0       1  BANK1       1
                swtext1                        000800  000024  000824      1000       0  CONST       2
                text16                         000F7C  000006  000F82      1EF8       0  CODE        2
                clrtext                        000F82  000008  000F8A      1F04       0  CODE        2
                text22                         000F8A  000009  000F93      1F14       0  CODE        2
                text1                          000F93  00000B  000F9E      1F26       0  CODE        2
                text3                          000F9E  00000C  000FAA      1F3C       0  CODE        2
                text2                          000FAA  00000C  000FB6      1F54       0  CODE        2
                text6                          000FB6  000014  000FCA      1F6C       0  CODE        2
                text21                         000FCA  00001A  000FE4      1F94       0  CODE        2
                text10                         000FE4  00001C  001000      1FC8       0  CODE        2
                config                         002007  000001  002008      400E       0  CONFIG      2


UNUSED ADDRESS RANGES

        Name                Unused          Largest block    Delta
        BANK0            006F-006F              1           1
        BANK1            00EE-00EF              2           1
        BANK2            0120-016F             50           1
        CODE             0002-0003              2           2
                         07FD-07FF              3
                         0824-0F7B            758
        CONST            0002-0003              2           2
                         07FD-07FF              3
                         0824-0F7B            100
        EEDATA           2100-21FF            100           2
        ENTRY            0002-0003              2           2
                         07FD-07FF              3
                         0824-0F7B            100
        IDLOC            2000-2003              4           2
        RAM              006F-006F              1           1
                         00EE-00EF              2
                         0120-016F             50
        SFR0             0000-001F             20           1
        SFR1             0080-009F             20           1
        SFR2             0100-011F             20           1
        SFR3             0180-01EF             70           1
        STACK            0120-016F             50           1
        STRCODE          0002-0003              2           2
                         07FD-07FF              3
                         0824-0F7B            758
        STRING           0002-0003              2           2
                         07FD-07FF              3
                         0824-0F7B            100

                                  Symbol Table

AddByteToBuffer@Byte              cstackBANK0  0021
HandleConfigByte@Byte             cstackCOMMON 0076
HandleConfigByte@ByteCounter      bssBANK0     0064
HandleTelegramByte@Byte           cstackCOMMON 0074
HandleTelegramByte@ByteCounter    bssBANK0     0062
HandleTelegramByte@CommandCounter bssBANK0     0061
Handle_Interrupts@dummy           cstackCOMMON 007C
Handle_Telegram@ThisTelegram      cstackBANK0  0039
Handle_Telegram@error             cstackBANK0  0052
Handle_Telegram@state             cstackBANK0  0053
Read_Byte@Data                    cstackCOMMON 0071
Read_Relay@Relay                  cstackBANK0  0022
SendTelegram@CommandCounter       cstackBANK0  0038
SendTelegram@MyTelegram           cstackBANK0  0022
SetStopTime@RelayStopTime         cstackBANK0  0025
SetStopTime@Time100ms             cstackBANK0  0022
SetStopTime@Time10sec             cstackBANK0  0020
SetStopTime@Time1sec              cstackBANK0  0021
Set_Relay@Relay                   cstackBANK0  0023
Set_Relay@State                   cstackBANK0  0020
Write_Byte@Data                   cstackCOMMON 0070
_ANSEL                            (abs)        0091
_AddByteToBuffer                  text10       0FE4
_BAUDCTLbits                      (abs)        0011
_BufferHead                       bssCOMMON    007D
_BufferTail                       bssBANK0     0063
_CMCON0bits                       (abs)        0019
_CheckStopTime                    text12       0217
_Counter_100ms                    bssBANK0     005C
_Counter_10sec                    bssBANK0     0058
_Counter_1sec                     bssBANK0     005A
_CurrentMode                      bssBANK0     0065
_HandleConfigByte                 text19       04BC
_HandleTelegramByte               text18       0428
_Handle_Interrupts                text14       06A2
_Handle_Telegram                  text7        0020
_INTCONbits                       (abs)        000B
_IOCAbits                         (abs)        0096
_Init_Ports                       text6        0FB6
_Init_Receiver                    text5        07F0
_Init_Relays                      text4        07CB
_Init_Timer                       text3        0F9E
_Init_Transmitter                 text2        0FAA
_OSCCONbits                       (abs)        008F
_PIE1bits                         (abs)        008C
_PIR1bits                         (abs)        000C
_PORTA                            (abs)        0005
_PORTAbits                        (abs)        0005
_PORTCbits                        (abs)        0007
_RCREG                            (abs)        0014
_RCSTAbits                        (abs)        0017
_Read_Byte                        text22       0F8A
_Read_Relay                       text11       0731
_Relay1StopTime                   bssBANK0     006C
_Relay2StopTime                   bssBANK1     00EB
_Relay3StopTime                   bssBANK1     00E8
_Relay4StopTime                   bssBANK1     00E5
_Relay5StopTime                   bssBANK1     00E2
_Relay6StopTime                   bssBANK1     00DF
_SPBRG                            (abs)        0013
_SendBuffer                       bssBANK1     00A0
_SendTelegram                     text9        06F8
_SetStopTime                      text8        05C7
_Set_Relay                        text13       0547
_Start_Timer                      text1        0F93
_StopRelay1OnTime                 bssBANK0     006B
_StopRelay2OnTime                 bssBANK0     006A
_StopRelay3OnTime                 bssBANK0     0069
_StopRelay4OnTime                 bssBANK0     0068
_StopRelay5OnTime                 bssBANK0     0067
_StopRelay6OnTime                 bssBANK0     0066
_T1CONbits                        (abs)        0010
_TMR1H                            (abs)        000F
_TMR1L                            (abs)        000E
_TRISAbits                        (abs)        0085
_TRISCbits                        (abs)        0087
_TXREG                            (abs)        0015
_TXSTAbits                        (abs)        0016
_Telegram                         bssBANK1     00C8
_TelegramReadyFlag                bssBANK0     005E
_Timer_Interrupt                  text17       0769
_WriteByteFromBuffer              text15       07A0
_Write_Byte                       text16       0F7C
__CFG_FOSC$INTOSCIO               (abs)        0000
__CFG_MCLRE$OFF                   (abs)        0000
__CFG_WDTE$OFF                    (abs)        0000
__Habs1                           abs1         0000
__Hbank0                          bank0        0000
__Hbank1                          bank1        0000
__Hbank2                          bank2        0000
__Hbank3                          bank3        0000
__HbssBANK0                       bssBANK0     0000
__HbssBANK1                       bssBANK1     0000
__HbssCOMMON                      bssCOMMON    0000
__Hcinit                          cinit        0020
__Hclrtext                        clrtext      0000
__Hcode                           code         0000
__Hcommon                         common       0000
__Hconfig                         config       2008
__HcstackBANK0                    cstackBANK0  0000
__HcstackCOMMON                   cstackCOMMON 0000
__Heeprom_data                    eeprom_data  0000
__Hend_init                       end_init     000F
__Hfunctab                        functab      0000
__Hidloc                          idloc        0000
__Hinit                           init         000D
__Hintentry                       intentry     000D
__Hmaintext                       maintext     0000
__Hpowerup                        powerup      0000
__Hram                            ram          0000
__Hreset_vec                      reset_vec    0002
__Hsfr0                           sfr0         0000
__Hsfr1                           sfr1         0000
__Hsfr2                           sfr2         0000
__Hsfr3                           sfr3         0000
__Hspace_0                        (abs)        2008
__Hspace_1                        (abs)        00EE
__Hspace_2                        (abs)        0000
__Hspace_3                        (abs)        0000
__Hstack                          stack        0000
__Hstrings                        strings      0000
__Htext                           text         0000
__Labs1                           abs1         0000
__Lbank0                          bank0        0000
__Lbank1                          bank1        0000
__Lbank2                          bank2        0000
__Lbank3                          bank3        0000
__LbssBANK0                       bssBANK0     0000
__LbssBANK1                       bssBANK1     0000
__LbssCOMMON                      bssCOMMON    0000
__Lcinit                          cinit        000F
__Lclrtext                        clrtext      0000
__Lcode                           code         0000
__Lcommon                         common       0000
__Lconfig                         config       2007
__LcstackBANK0                    cstackBANK0  0000
__LcstackCOMMON                   cstackCOMMON 0000
__Leeprom_data                    eeprom_data  0000
__Lend_init                       end_init     000D
__Lfunctab                        functab      0000
__Lidloc                          idloc        0000
__Linit                           init         000D
__Lintentry                       intentry     0004
__Lmaintext                       maintext     0000
__Lpowerup                        powerup      0000
__Lram                            ram          0000
__Lreset_vec                      reset_vec    0000
__Lsfr0                           sfr0         0000
__Lsfr1                           sfr1         0000
__Lsfr2                           sfr2         0000
__Lsfr3                           sfr3         0000
__Lspace_0                        (abs)        0000
__Lspace_1                        (abs)        0000
__Lspace_2                        (abs)        0000
__Lspace_3                        (abs)        0000
__Lstack                          stack        0000
__Lstrings                        strings      0000
__Ltext                           text         0000
__S0                              (abs)        2008
__S1                              (abs)        00EE
__S2                              (abs)        0000
__S3                              (abs)        0000
___int_sp                         stack        0000
___latbits                        (abs)        0001
___sp                             stack        0000
__end_of_AddByteToBuffer          text10       1000
__end_of_CheckStopTime            text12       0392
__end_of_HandleConfigByte         text19       0547
__end_of_HandleTelegramByte       text18       04BC
__end_of_Handle_Interrupts        text14       06F8
__end_of_Handle_Telegram          text7        0217
__end_of_Init_Ports               text6        0FCA
__end_of_Init_Receiver            text5        07FD
__end_of_Init_Relays              text4        07F0
__end_of_Init_Timer               text3        0FAA
__end_of_Init_Transmitter         text2        0FB6
__end_of_Read_Byte                text22       0F93
__end_of_Read_Relay               text11       0769
__end_of_SendTelegram             text9        0731
__end_of_SetStopTime              text8        063C
__end_of_Set_Relay                text13       05C7
__end_of_Start_Timer              text1        0F9E
__end_of_Timer_Interrupt          text17       07A0
__end_of_WriteByteFromBuffer      text15       07CB
__end_of_Write_Byte               text16       0F82
__end_of__initialization          cinit        001D
__end_of_main                     maintext     06A2
__end_ofi1_AddByteToBuffer        text21       0FE4
__end_ofi1_Set_Relay              text20       0428
__initialization                  cinit        000F
__pbssBANK0                       bssBANK0     0058
__pbssBANK1                       bssBANK1     00A0
__pbssCOMMON                      bssCOMMON    007D
__pcstackBANK0                    cstackBANK0  0020
__pcstackCOMMON                   cstackCOMMON 0070
__pintentry                       intentry     0004
__pmaintext                       maintext     063C
__pswtext1                        swtext1      0800
__pswtext2                        swtext2      080C
__pswtext3                        swtext3      0818
__ptext1                          text1        0F93
__ptext10                         text10       0FE4
__ptext11                         text11       0731
__ptext12                         text12       0217
__ptext13                         text13       0547
__ptext14                         text14       06A2
__ptext15                         text15       07A0
__ptext16                         text16       0F7C
__ptext17                         text17       0769
__ptext18                         text18       0428
__ptext19                         text19       04BC
__ptext2                          text2        0FAA
__ptext20                         text20       0392
__ptext21                         text21       0FCA
__ptext22                         text22       0F8A
__ptext3                          text3        0F9E
__ptext4                          text4        07CB
__ptext5                          text5        07F0
__ptext6                          text6        0FB6
__ptext7                          text7        0020
__ptext8                          text8        05C7
__ptext9                          text9        06F8
__size_of_AddByteToBuffer         (abs)        0000
__size_of_CheckStopTime           (abs)        0000
__size_of_HandleConfigByte        (abs)        0000
__size_of_HandleTelegramByte      (abs)        0000
__size_of_Handle_Interrupts       (abs)        0000
__size_of_Handle_Telegram         (abs)        0000
__size_of_Init_Ports              (abs)        0000
__size_of_Init_Receiver           (abs)        0000
__size_of_Init_Relays             (abs)        0000
__size_of_Init_Timer              (abs)        0000
__size_of_Init_Transmitter        (abs)        0000
__size_of_Read_Byte               (abs)        0000
__size_of_Read_Relay              (abs)        0000
__size_of_SendTelegram            (abs)        0000
__size_of_SetStopTime             (abs)        0000
__size_of_Set_Relay               (abs)        0000
__size_of_Start_Timer             (abs)        0000
__size_of_Timer_Interrupt         (abs)        0000
__size_of_WriteByteFromBuffer     (abs)        0000
__size_of_Write_Byte              (abs)        0000
__size_of_main                    (abs)        0000
__size_ofi1_AddByteToBuffer       (abs)        0000
__size_ofi1_Set_Relay             (abs)        0000
_main                             maintext     063C
btemp                             (abs)        007E
clear_ram0                        clrtext      0F82
end_of_initialization             cinit        001D
i1AddByteToBuffer@Byte            cstackCOMMON 0071
i1Set_Relay@Relay                 cstackCOMMON 0073
i1Set_Relay@State                 cstackCOMMON 0070
i1_AddByteToBuffer                text21       0FCA
i1_Set_Relay                      text20       0392
interrupt_function                intentry     0004
intlevel0                         functab      0000
intlevel1                         functab      0000
intlevel2                         functab      0000
intlevel3                         functab      0000
intlevel4                         functab      0000
intlevel5                         functab      0000
reset_vec                         reset_vec    0000
saved_w                           (abs)        007E
stackhi                           (abs)        0000
stacklo                           (abs)        0000
start                             init         000D
start_initialization              cinit        000F
wtemp0                            (abs)        007E


FUNCTION INFORMATION:

 *************** function _main *****************
 Defined at:
		line 59 in file "Main.c"
 Parameters:    Size  Location     Type
		None
 Auto vars:     Size  Location     Type
		None
 Return value:  Size  Location     Type
                  1    wreg      void 
 Registers used:
		wreg, fsr0l, fsr0h, status,2, status,0, pclath, cstack
 Tracked objects:
		On entry : 
		On exit  : 
		Unchanged: 
 Data sizes:     COMMON   BANK0   BANK1   BANK2
      Params:         0       0       0       0
      Locals:         0       0       0       0
      Temps:          0       4       0       0
      Totals:         0       4       0       0
Total ram usage:        4 bytes
 Hardware stack levels required when called:    6
 This function calls:
		_AddByteToBuffer
		_CheckStopTime
		_Handle_Telegram
		_Init_Ports
		_Init_Receiver
		_Init_Relays
		_Init_Timer
		_Init_Transmitter
		_Start_Timer
 This function is called by:
		Startup code after reset
 This function uses a non-reentrant model


 *************** function _Start_Timer *****************
 Defined at:
		line 53 in file "Timer.c"
 Parameters:    Size  Location     Type
		None
 Auto vars:     Size  Location     Type
		None
 Return value:  Size  Location     Type
                  1    wreg      void 
 Registers used:
		wreg, status,2
 Tracked objects:
		On entry : 
		On exit  : 
		Unchanged: 
 Data sizes:     COMMON   BANK0   BANK1   BANK2
      Params:         0       0       0       0
      Locals:         0       0       0       0
      Temps:          0       0       0       0
      Totals:         0       0       0       0
Total ram usage:        0 bytes
 Hardware stack levels used:    1
 Hardware stack levels required when called:    3
 This function calls:
		Nothing
 This function is called by:
		_main
 This function uses a non-reentrant model


 *************** function _Init_Transmitter *****************
 Defined at:
		line 35 in file "Eusart.c"
 Parameters:    Size  Location     Type
		None
 Auto vars:     Size  Location     Type
		None
 Return value:  Size  Location     Type
                  1    wreg      void 
 Registers used:
		wreg, status,2
 Tracked objects:
		On entry : 
		On exit  : 
		Unchanged: 
 Data sizes:     COMMON   BANK0   BANK1   BANK2
      Params:         0       0       0       0
      Locals:         0       0       0       0
      Temps:          0       0       0       0
      Totals:         0       0       0       0
Total ram usage:        0 bytes
 Hardware stack levels used:    1
 Hardware stack levels required when called:    3
 This function calls:
		Nothing
 This function is called by:
		_main
 This function uses a non-reentrant model


 *************** function _Init_Timer *****************
 Defined at:
		line 31 in file "Timer.c"
 Parameters:    Size  Location     Type
		None
 Auto vars:     Size  Location     Type
		None
 Return value:  Size  Location     Type
                  1    wreg      void 
 Registers used:
		wreg, status,2, status,0
 Tracked objects:
		On entry : 
		On exit  : 
		Unchanged: 
 Data sizes:     COMMON   BANK0   BANK1   BANK2
      Params:         0       0       0       0
      Locals:         0       0       0       0
      Temps:          0       0       0       0
      Totals:         0       0       0       0
Total ram usage:        0 bytes
 Hardware stack levels used:    1
 Hardware stack levels required when called:    3
 This function calls:
		Nothing
 This function is called by:
		_main
 This function uses a non-reentrant model


 *************** function _Init_Relays *****************
 Defined at:
		line 47 in file "RelayControl.c"
 Parameters:    Size  Location     Type
		None
 Auto vars:     Size  Location     Type
		None
 Return value:  Size  Location     Type
                  1    wreg      void 
 Registers used:
		None
 Tracked objects:
		On entry : 
		On exit  : 
		Unchanged: 
 Data sizes:     COMMON   BANK0   BANK1   BANK2
      Params:         0       0       0       0
      Locals:         0       0       0       0
      Temps:          0       0       0       0
      Totals:         0       0       0       0
Total ram usage:        0 bytes
 Hardware stack levels used:    1
 Hardware stack levels required when called:    3
 This function calls:
		Nothing
 This function is called by:
		_main
 This function uses a non-reentrant model


 *************** function _Init_Receiver *****************
 Defined at:
		line 69 in file "Eusart.c"
 Parameters:    Size  Location     Type
		None
 Auto vars:     Size  Location     Type
		None
 Return value:  Size  Location     Type
                  1    wreg      void 
 Registers used:
		status,2
 Tracked objects:
		On entry : 
		On exit  : 
		Unchanged: 
 Data sizes:     COMMON   BANK0   BANK1   BANK2
      Params:         0       0       0       0
      Locals:         0       0       0       0
      Temps:          0       0       0       0
      Totals:         0       0       0       0
Total ram usage:        0 bytes
 Hardware stack levels used:    1
 Hardware stack levels required when called:    3
 This function calls:
		Nothing
 This function is called by:
		_main
 This function uses a non-reentrant model


 *************** function _Init_Ports *****************
 Defined at:
		line 109 in file "Main.c"
 Parameters:    Size  Location     Type
		None
 Auto vars:     Size  Location     Type
		None
 Return value:  Size  Location     Type
                  1    wreg      void 
 Registers used:
		wreg, status,2, status,0
 Tracked objects:
		On entry : 
		On exit  : 
		Unchanged: 
 Data sizes:     COMMON   BANK0   BANK1   BANK2
      Params:         0       0       0       0
      Locals:         0       0       0       0
      Temps:          0       0       0       0
      Totals:         0       0       0       0
Total ram usage:        0 bytes
 Hardware stack levels used:    1
 Hardware stack levels required when called:    3
 This function calls:
		Nothing
 This function is called by:
		_main
 This function uses a non-reentrant model


 *************** function _Handle_Telegram *****************
 Defined at:
		line 244 in file "Main.c"
 Parameters:    Size  Location     Type
  ThisTelegram   21   25[BANK0 ] struct .
 Auto vars:     Size  Location     Type
  state           1   51[BANK0 ] unsigned char 
  error           1   50[BANK0 ] unsigned char 
 Return value:  Size  Location     Type
                  1    wreg      void 
 Registers used:
		wreg, fsr0l, fsr0h, status,2, status,0, pclath, cstack
 Tracked objects:
		On entry : 
		On exit  : 
		Unchanged: 
 Data sizes:     COMMON   BANK0   BANK1   BANK2
      Params:         0      21       0       0
      Locals:         0       2       0       0
      Temps:          0       4       0       0
      Totals:         0      27       0       0
Total ram usage:       27 bytes
 Hardware stack levels used:    1
 Hardware stack levels required when called:    5
 This function calls:
		_Read_Relay
		_SendTelegram
		_SetStopTime
		_Set_Relay
 This function is called by:
		_main
 This function uses a non-reentrant model


 *************** function _SetStopTime *****************
 Defined at:
		line 187 in file "Main.c"
 Parameters:    Size  Location     Type
  RelayStopTim    1    wreg     PTR unsigned char 
		 -> Relay6StopTime(3), Relay5StopTime(3), Relay4StopTime(3), Relay3StopTime(3), 
		 -> Relay2StopTime(3), Relay1StopTime(3), 
  Time10sec       1    0[BANK0 ] unsigned char 
  Time1sec        1    1[BANK0 ] unsigned char 
  Time100ms       1    2[BANK0 ] unsigned char 
 Auto vars:     Size  Location     Type
  RelayStopTim    1    5[BANK0 ] PTR unsigned char 
		 -> Relay6StopTime(3), Relay5StopTime(3), Relay4StopTime(3), Relay3StopTime(3), 
		 -> Relay2StopTime(3), Relay1StopTime(3), 
 Return value:  Size  Location     Type
                  1    wreg      void 
 Registers used:
		wreg, fsr0l, fsr0h, status,2, status,0
 Tracked objects:
		On entry : 
		On exit  : 
		Unchanged: 
 Data sizes:     COMMON   BANK0   BANK1   BANK2
      Params:         0       3       0       0
      Locals:         0       1       0       0
      Temps:          0       2       0       0
      Totals:         0       6       0       0
Total ram usage:        6 bytes
 Hardware stack levels used:    1
 Hardware stack levels required when called:    3
 This function calls:
		Nothing
 This function is called by:
		_Handle_Telegram
 This function uses a non-reentrant model


 *************** function _SendTelegram *****************
 Defined at:
		line 56 in file "TelegramInterpreter.c"
 Parameters:    Size  Location     Type
  MyTelegram     21    2[BANK0 ] struct .
 Auto vars:     Size  Location     Type
  CommandCount    1   24[BANK0 ] unsigned char 
  MacCounter      1    0        unsigned char 
 Return value:  Size  Location     Type
                  1    wreg      void 
 Registers used:
		wreg, fsr0l, fsr0h, status,2, status,0, pclath, cstack
 Tracked objects:
		On entry : 
		On exit  : 
		Unchanged: 
 Data sizes:     COMMON   BANK0   BANK1   BANK2
      Params:         0      21       0       0
      Locals:         0       1       0       0
      Temps:          0       1       0       0
      Totals:         0      23       0       0
Total ram usage:       23 bytes
 Hardware stack levels used:    1
 Hardware stack levels required when called:    4
 This function calls:
		_AddByteToBuffer
 This function is called by:
		_Handle_Telegram
		_Say_Hello
 This function uses a non-reentrant model


 *************** function _AddByteToBuffer *****************
 Defined at:
		line 120 in file "Eusart.c"
 Parameters:    Size  Location     Type
  Byte            1    wreg     unsigned char 
 Auto vars:     Size  Location     Type
  Byte            1    1[BANK0 ] unsigned char 
 Return value:  Size  Location     Type
                  1    wreg      void 
 Registers used:
		wreg, fsr0l, fsr0h, status,2, status,0
 Tracked objects:
		On entry : 
		On exit  : 
		Unchanged: 
 Data sizes:     COMMON   BANK0   BANK1   BANK2
      Params:         0       0       0       0
      Locals:         0       1       0       0
      Temps:          0       1       0       0
      Totals:         0       2       0       0
Total ram usage:        2 bytes
 Hardware stack levels used:    1
 Hardware stack levels required when called:    3
 This function calls:
		Nothing
 This function is called by:
		_main
		_SendTelegram
 This function uses a non-reentrant model


 *************** function _Read_Relay *****************
 Defined at:
		line 161 in file "RelayControl.c"
 Parameters:    Size  Location     Type
  Relay           1    wreg     unsigned char 
 Auto vars:     Size  Location     Type
  Relay           1    2[BANK0 ] unsigned char 
 Return value:  Size  Location     Type
                  1    wreg      unsigned char 
 Registers used:
		wreg, fsr0l, fsr0h, status,2, status,0
 Tracked objects:
		On entry : 
		On exit  : 
		Unchanged: 
 Data sizes:     COMMON   BANK0   BANK1   BANK2
      Params:         0       0       0       0
      Locals:         0       1       0       0
      Temps:          0       2       0       0
      Totals:         0       3       0       0
Total ram usage:        3 bytes
 Hardware stack levels used:    1
 Hardware stack levels required when called:    3
 This function calls:
		Nothing
 This function is called by:
		_Handle_Telegram
 This function uses a non-reentrant model


 *************** function _CheckStopTime *****************
 Defined at:
		line 148 in file "Main.c"
 Parameters:    Size  Location     Type
		None
 Auto vars:     Size  Location     Type
		None
 Return value:  Size  Location     Type
                  1    wreg      void 
 Registers used:
		wreg, fsr0l, fsr0h, status,2, status,0, pclath, cstack
 Tracked objects:
		On entry : 
		On exit  : 
		Unchanged: 
 Data sizes:     COMMON   BANK0   BANK1   BANK2
      Params:         0       0       0       0
      Locals:         0       0       0       0
      Temps:          0       2       0       0
      Totals:         0       2       0       0
Total ram usage:        2 bytes
 Hardware stack levels used:    1
 Hardware stack levels required when called:    4
 This function calls:
		_Set_Relay
 This function is called by:
		_main
 This function uses a non-reentrant model


 *************** function _Set_Relay *****************
 Defined at:
		line 64 in file "RelayControl.c"
 Parameters:    Size  Location     Type
  Relay           1    wreg     unsigned char 
  State           1    0[BANK0 ] unsigned char 
 Auto vars:     Size  Location     Type
  Relay           1    3[BANK0 ] unsigned char 
 Return value:  Size  Location     Type
                  1    wreg      void 
 Registers used:
		wreg, fsr0l, fsr0h, status,2, status,0
 Tracked objects:
		On entry : 
		On exit  : 
		Unchanged: 
 Data sizes:     COMMON   BANK0   BANK1   BANK2
      Params:         0       1       0       0
      Locals:         0       1       0       0
      Temps:          0       2       0       0
      Totals:         0       4       0       0
Total ram usage:        4 bytes
 Hardware stack levels used:    1
 Hardware stack levels required when called:    3
 This function calls:
		Nothing
 This function is called by:
		_CheckStopTime
		_Handle_Telegram
 This function uses a non-reentrant model


 *************** function _Handle_Interrupts *****************
 Defined at:
		line 432 in file "Main.c"
 Parameters:    Size  Location     Type
		None
 Auto vars:     Size  Location     Type
  dummy           1   12[COMMON] unsigned char 
 Return value:  Size  Location     Type
                  1    wreg      void 
 Registers used:
		wreg, fsr0l, fsr0h, status,2, status,0, pclath, cstack
 Tracked objects:
		On entry : 
		On exit  : 
		Unchanged: 
 Data sizes:     COMMON   BANK0   BANK1   BANK2
      Params:         0       0       0       0
      Locals:         1       0       0       0
      Temps:          5       0       0       0
      Totals:         6       0       0       0
Total ram usage:        6 bytes
 Hardware stack levels used:    1
 Hardware stack levels required when called:    2
 This function calls:
		_HandleConfigByte
		_HandleTelegramByte
		_Timer_Interrupt
		_WriteByteFromBuffer
 This function is called by:
		Interrupt level 1
 This function uses a non-reentrant model


 *************** function _WriteByteFromBuffer *****************
 Defined at:
		line 138 in file "Eusart.c"
 Parameters:    Size  Location     Type
		None
 Auto vars:     Size  Location     Type
		None
 Return value:  Size  Location     Type
                  1    wreg      void 
 Registers used:
		wreg, fsr0l, fsr0h, status,2, status,0, pclath, cstack
 Tracked objects:
		On entry : 
		On exit  : 
		Unchanged: 
 Data sizes:     COMMON   BANK0   BANK1   BANK2
      Params:         0       0       0       0
      Locals:         0       0       0       0
      Temps:          1       0       0       0
      Totals:         1       0       0       0
Total ram usage:        1 bytes
 Hardware stack levels used:    1
 Hardware stack levels required when called:    1
 This function calls:
		_Write_Byte
 This function is called by:
		_Handle_Interrupts
 This function uses a non-reentrant model


 *************** function _Write_Byte *****************
 Defined at:
		line 113 in file "Eusart.c"
 Parameters:    Size  Location     Type
  Data            1    wreg     unsigned char 
 Auto vars:     Size  Location     Type
  Data            1    0[COMMON] unsigned char 
 Return value:  Size  Location     Type
                  1    wreg      void 
 Registers used:
		wreg
 Tracked objects:
		On entry : 
		On exit  : 
		Unchanged: 
 Data sizes:     COMMON   BANK0   BANK1   BANK2
      Params:         0       0       0       0
      Locals:         1       0       0       0
      Temps:          0       0       0       0
      Totals:         1       0       0       0
Total ram usage:        1 bytes
 Hardware stack levels used:    1
 This function calls:
		Nothing
 This function is called by:
		_WriteByteFromBuffer
 This function uses a non-reentrant model


 *************** function _Timer_Interrupt *****************
 Defined at:
		line 74 in file "Timer.c"
 Parameters:    Size  Location     Type
		None
 Auto vars:     Size  Location     Type
		None
 Return value:  Size  Location     Type
                  1    wreg      void 
 Registers used:
		wreg, status,2, status,0
 Tracked objects:
		On entry : 
		On exit  : 
		Unchanged: 
 Data sizes:     COMMON   BANK0   BANK1   BANK2
      Params:         0       0       0       0
      Locals:         0       0       0       0
      Temps:          0       0       0       0
      Totals:         0       0       0       0
Total ram usage:        0 bytes
 Hardware stack levels used:    1
 This function calls:
		Nothing
 This function is called by:
		_Handle_Interrupts
 This function uses a non-reentrant model


 *************** function _HandleTelegramByte *****************
 Defined at:
		line 3 in file "TelegramInterpreter.c"
 Parameters:    Size  Location     Type
		None
 Auto vars:     Size  Location     Type
  Byte            1    4[COMMON] unsigned char 
 Return value:  Size  Location     Type
                  1    wreg      void 
 Registers used:
		wreg, fsr0l, fsr0h, status,2, status,0, pclath, cstack
 Tracked objects:
		On entry : 
		On exit  : 
		Unchanged: 
 Data sizes:     COMMON   BANK0   BANK1   BANK2
      Params:         0       0       0       0
      Locals:         1       0       0       0
      Temps:          2       0       0       0
      Totals:         3       0       0       0
Total ram usage:        3 bytes
 Hardware stack levels used:    1
 Hardware stack levels required when called:    1
 This function calls:
		_Read_Byte
 This function is called by:
		_Handle_Interrupts
 This function uses a non-reentrant model


 *************** function _HandleConfigByte *****************
 Defined at:
		line 361 in file "Main.c"
 Parameters:    Size  Location     Type
		None
 Auto vars:     Size  Location     Type
  Byte            1    6[COMMON] unsigned char 
 Return value:  Size  Location     Type
                  1    wreg      void 
 Registers used:
		wreg, fsr0l, fsr0h, status,2, status,0, pclath, cstack
 Tracked objects:
		On entry : 
		On exit  : 
		Unchanged: 
 Data sizes:     COMMON   BANK0   BANK1   BANK2
      Params:         0       0       0       0
      Locals:         1       0       0       0
      Temps:          2       0       0       0
      Totals:         3       0       0       0
Total ram usage:        3 bytes
 Hardware stack levels used:    1
 Hardware stack levels required when called:    1
 This function calls:
		_Read_Byte
		i1_AddByteToBuffer
		i1_Set_Relay
 This function is called by:
		_Handle_Interrupts
 This function uses a non-reentrant model


 *************** function i1_Set_Relay *****************
 Defined at:
		line 64 in file "RelayControl.c"
 Parameters:    Size  Location     Type
  Relay           1    wreg     unsigned char 
  State           1    0[COMMON] unsigned char 
 Auto vars:     Size  Location     Type
  Relay           1    3[COMMON] unsigned char 
 Return value:  Size  Location     Type
                  1    wreg      void 
 Registers used:
		wreg, fsr0l, fsr0h, status,2, status,0
 Tracked objects:
		On entry : 
		On exit  : 
		Unchanged: 
 Data sizes:     COMMON   BANK0   BANK1   BANK2
      Params:         1       0       0       0
      Locals:         1       0       0       0
      Temps:          2       0       0       0
      Totals:         4       0       0       0
Total ram usage:        4 bytes
 Hardware stack levels used:    1
 This function calls:
		Nothing
 This function is called by:
		_HandleConfigByte
 This function uses a non-reentrant model


 *************** function i1_AddByteToBuffer *****************
 Defined at:
		line 120 in file "Eusart.c"
 Parameters:    Size  Location     Type
  Byte            1    wreg     unsigned char 
 Auto vars:     Size  Location     Type
  Byte            1    1[COMMON] unsigned char 
 Return value:  Size  Location     Type
                  1    wreg      void 
 Registers used:
		wreg, fsr0l, fsr0h, status,2, status,0
 Tracked objects:
		On entry : 
		On exit  : 
		Unchanged: 
 Data sizes:     COMMON   BANK0   BANK1   BANK2
      Params:         0       0       0       0
      Locals:         1       0       0       0
      Temps:          1       0       0       0
      Totals:         2       0       0       0
Total ram usage:        2 bytes
 Hardware stack levels used:    1
 This function calls:
		Nothing
 This function is called by:
		_HandleConfigByte
 This function uses a non-reentrant model


 *************** function _Read_Byte *****************
 Defined at:
		line 106 in file "Eusart.c"
 Parameters:    Size  Location     Type
		None
 Auto vars:     Size  Location     Type
  Data            1    1[COMMON] unsigned char 
 Return value:  Size  Location     Type
                  1    wreg      unsigned char 
 Registers used:
		wreg
 Tracked objects:
		On entry : 
		On exit  : 
		Unchanged: 
 Data sizes:     COMMON   BANK0   BANK1   BANK2
      Params:         0       0       0       0
      Locals:         1       0       0       0
      Temps:          1       0       0       0
      Totals:         2       0       0       0
Total ram usage:        2 bytes
 Hardware stack levels used:    1
 This function calls:
		Nothing
 This function is called by:
		_HandleConfigByte
		_HandleTelegramByte
 This function uses a non-reentrant model



MODULE INFORMATION

Module		Function		Class		Link	Load	Size
Timer.c
		_Init_Timer    		CODE           	0F9E	0000	13
		_Timer_Interrupt		CODE           	0769	0000	56
		_Start_Timer   		CODE           	0F93	0000	12

Timer.c estimated size: 81

TelegramInterpreter.c
		_SendTelegram  		CODE           	06F8	0000	58
		_HandleTelegramByte		CODE           	0428	0000	149

TelegramInterpreter.c estimated size: 207

Eusart.c
		_Read_Byte     		CODE           	0F8A	0000	10
		_Write_Byte    		CODE           	0F7C	0000	7
		_WriteByteFromBuffer		CODE           	07A0	0000	44
		_Init_Transmitter		CODE           	0FAA	0000	13
		_AddByteToBuffer		CODE           	0FE4	0000	29
		_Init_Receiver 		CODE           	07F0	0000	14

Eusart.c estimated size: 117

RelayControl.c
		_Set_Relay     		CODE           	0547	0000	129
		_Init_Relays   		CODE           	07CB	0000	38
		_Read_Relay    		CODE           	0731	0000	57

RelayControl.c estimated size: 224

Main.c
		_main          		CODE           	063C	0000	103
		_Handle_Interrupts		CODE           	06A2	0000	87
		_SetStopTime   		CODE           	05C7	0000	118
		_Handle_Telegram		CODE           	0020	0000	504
		_CheckStopTime 		CODE           	0217	0000	380
		_HandleConfigByte		CODE           	04BC	0000	140
		_Init_Ports    		CODE           	0FB6	0000	21

Main.c estimated size: 1353

shared
		i1_Set_Relay   		CODE           	0392	0000	151
		__initialization		CODE           	000F	0000	15
		i1_AddByteToBuffer		CODE           	0FCA	0000	27

shared estimated size: 193

